// Jest Snapshot v1, https://goo.gl/fbAQLP

exports[`should render expense list item with an expense 1`] = `
<div>
  <Link
    replace={false}
    to="/edit/2"
  >
    <h1>
      rent
    </h1>
  </Link>
  <p>
    19534
     - 
    -345600000
  </p>
</div>
`;
